SQL> SELECT ENAME
  2  FROM EMP
  3  WHERE ENAME LIKE 'P%';

no rows selected

SQL> SELECT JOB
  2  FROM EMP
  3  WHERE DEPTNO IN(10,20);

JOB                                                                                                 
---------                                                                                           
CLERK                                                                                               
MANAGER                                                                                             
MANAGER                                                                                             
ANALYST                                                                                             
PRESIDENT                                                                                           
CLERK                                                                                               
ANALYST                                                                                             
CLERK                                                                                               

8 rows selected.

SQL> SELECT DNAME
  2  FROM DEPT
  3  WHERE LOC LIKE '% %' AND DNAME IN '%E%E%';

no rows selected

SQL> SELECT ENAME
  2  FROM EMP
  3  WHERE ENAME LIKE '%A%A%' AND SAL BETWEEN 1200 AND 2800 AND DEPTNO IN(10,20,30);

no rows selected

SQL> SELECT ENAME
  2  FROM EMP
  3  WHERE MGR NOT NULL AND JOB IN ('MANAGER','SALESMAN') AND DEPTNO IN (30);
WHERE MGR NOT NULL AND JOB IN ('MANAGER','SALESMAN') AND DEPTNO IN (30)
              *
ERROR at line 3:
ORA-00920: invalid relational operator 


SQL> ED
Wrote file afiedt.buf

  1  SELECT ENAME
  2  FROM EMP
  3* WHERE MGR IS NOT NULL AND JOB IN ('MANAGER','SALESMAN') AND DEPTNO IN 30
SQL> /

ENAME                                                                                               
----------                                                                                          
ALLEN                                                                                               
WARD                                                                                                
MARTIN                                                                                              
BLAKE                                                                                               
TURNER                                                                                              

SQL> SELECT*
  2  FROM EMP
  3  WHERE COMM IS NULL AND JOB NOT IN('CLERK','MANAGER') AND HIREDATE= 1981 AND SAL>1500;
WHERE COMM IS NULL AND JOB NOT IN('CLERK','MANAGER') AND HIREDATE= 1981 AND SAL>1500
                                                                 *
ERROR at line 3:
ORA-00932: inconsistent datatypes: expected DATE got NUMBER 


SQL> ED
Wrote file afiedt.buf

  1  SELECT*
  2  FROM EMP
  3* WHERE COMM IS NULL AND JOB NOT IN('CLERK','MANAGER') AND HIREDATE IN 1981 AND SAL>1500
SQL> /
WHERE COMM IS NULL AND JOB NOT IN('CLERK','MANAGER') AND HIREDATE IN 1981 AND SAL>1500
                                                                  *
ERROR at line 3:
ORA-00932: inconsistent datatypes: expected DATE got NUMBER 


SQL> ED
Wrote file afiedt.buf

  1  SELECT*
  2  FROM EMP
  3* WHERE COMM IS NULL AND JOB NOT IN('CLERK','MANAGER') AND HIREDATE IN '1981' AND SAL>1500
SQL> /
WHERE COMM IS NULL AND JOB NOT IN('CLERK','MANAGER') AND HIREDATE IN '1981' AND SAL>1500
                                                                     *
ERROR at line 3:
ORA-01861: literal does not match format string 


SQL> ED
Wrote file afiedt.buf

  1  SELECT*
  2  FROM EMP
  3* WHERE COMM IS NULL AND COMM!=0 AND JOB NOT IN('CLERK','MANAGER') AND HIREDATE IN '__-___-81' AND SAL>1500
SQL> /

no rows selected

SQL> SELECT*
  2  FROM EMP
  3  WHERE DEPTNO IN 10;

     EMPNO ENAME      JOB              MGR HIREDATE         SAL       COMM     DEPTNO               
---------- ---------- --------- ---------- --------- ---------- ---------- ----------               
      7782 CLARK      MANAGER         7839 09-JUN-81       2450                    10               
      7839 KING       PRESIDENT            17-NOV-81       5000                    10               
      7934 MILLER     CLERK           7782 23-JAN-82       1300                    10               

SQL> SELECT*
  2  FROM EMP
  3  WHERE JOB IN 'MANAGER' AND DEPTNO IN 30;

     EMPNO ENAME      JOB              MGR HIREDATE         SAL       COMM     DEPTNO               
---------- ---------- --------- ---------- --------- ---------- ---------- ----------               
      7698 BLAKE      MANAGER         7839 01-MAY-81       2850                    30               

SQL> SELECT*
  2  FROM EMP
  3  WHERE SAL>3000;

     EMPNO ENAME      JOB              MGR HIREDATE         SAL       COMM     DEPTNO               
---------- ---------- --------- ---------- --------- ---------- ---------- ----------               
      7839 KING       PRESIDENT            17-NOV-81       5000                    10               

SQL> SELECT*
  2  FROM EMP
  3  ;

     EMPNO ENAME      JOB              MGR HIREDATE         SAL       COMM     DEPTNO               
---------- ---------- --------- ---------- --------- ---------- ---------- ----------               
      7369 SMITH      CLERK           7902 17-DEC-80        800                    20               
      7499 ALLEN      SALESMAN        7698 20-FEB-81       1600        300         30               
      7521 WARD       SALESMAN        7698 22-FEB-81       1250        500         30               
      7566 JONES      MANAGER         7839 02-APR-81       2975                    20               
      7654 MARTIN     SALESMAN        7698 28-SEP-81       1250       1400         30               
      7698 BLAKE      MANAGER         7839 01-MAY-81       2850                    30               
      7782 CLARK      MANAGER         7839 09-JUN-81       2450                    10               
      7788 SCOTT      ANALYST         7566 19-APR-87       3000                    20               
      7839 KING       PRESIDENT            17-NOV-81       5000                    10               
      7844 TURNER     SALESMAN        7698 08-SEP-81       1500          0         30               
      7876 ADAMS      CLERK           7788 23-MAY-87       1100                    20               
      7900 JAMES      CLERK           7698 03-DEC-81        950                    30               
      7902 FORD       ANALYST         7566 03-DEC-81       3000                    20               
      7934 MILLER     CLERK           7782 23-JAN-82       1300                    10               

14 rows selected.

SQL> SELECT*
  2  FROM EMP
  3  WHERE JOB IN ANALYST;
WHERE JOB IN ANALYST
             *
ERROR at line 3:
ORA-00904: "ANALYST": invalid identifier 


SQL> ED
Wrote file afiedt.buf

  1  SELECT*
  2  FROM EMP
  3* WHERE JOB IN 'ANALYST'
SQL> /

     EMPNO ENAME      JOB              MGR HIREDATE         SAL       COMM     DEPTNO               
---------- ---------- --------- ---------- --------- ---------- ---------- ----------               
      7788 SCOTT      ANALYST         7566 19-APR-87       3000                    20               
      7902 FORD       ANALYST         7566 03-DEC-81       3000                    20               

SQL> SELECT ENAME
  2  FROM EMP
  3  WHERE SAL BETWEEN 2000 AND 3000 AND DEPTNO IN(10,20) AND ENAME IN CLERK;
WHERE SAL BETWEEN 2000 AND 3000 AND DEPTNO IN(10,20) AND ENAME IN CLERK
                                                                  *
ERROR at line 3:
ORA-00904: "CLERK": invalid identifier 


SQL> ED
Wrote file afiedt.buf

  1  SELECT ENAME
  2  FROM EMP
  3* WHERE SAL BETWEEN 2000 AND 3000 AND DEPTNO IN(10,20) AND ENAME IN 'CLERK'
SQL> /

no rows selected

SQL> SELECT*
  2  FROM EMP
  3  WHERE SAL BETWEEN 2500 AND 5000 AND DEPTNO IN(10,20);

     EMPNO ENAME      JOB              MGR HIREDATE         SAL       COMM     DEPTNO               
---------- ---------- --------- ---------- --------- ---------- ---------- ----------               
      7566 JONES      MANAGER         7839 02-APR-81       2975                    20               
      7788 SCOTT      ANALYST         7566 19-APR-87       3000                    20               
      7839 KING       PRESIDENT            17-NOV-81       5000                    10               
      7902 FORD       ANALYST         7566 03-DEC-81       3000                    20               

SQL> SELECT*
  2  FROM EMP
  3  WHERE JOB!='MANAGER' AND DEPTNO IN 20;

     EMPNO ENAME      JOB              MGR HIREDATE         SAL       COMM     DEPTNO               
---------- ---------- --------- ---------- --------- ---------- ---------- ----------               
      7369 SMITH      CLERK           7902 17-DEC-80        800                    20               
      7788 SCOTT      ANALYST         7566 19-APR-87       3000                    20               
      7876 ADAMS      CLERK           7788 23-MAY-87       1100                    20               
      7902 FORD       ANALYST         7566 03-DEC-81       3000                    20               

SQL> SELECT JOB
  2  FROM EMP
  3  WHERE JOB IN MANAGER AND SAL <3000;
WHERE JOB IN MANAGER AND SAL <3000
             *
ERROR at line 3:
ORA-00904: "MANAGER": invalid identifier 


SQL> ED
Wrote file afiedt.buf

  1  SELECT JOB
  2  FROM EMP
  3* WHERE JOB IN 'MANAGER' AND SAL <3000
SQL> /

JOB                                                                                                 
---------                                                                                           
MANAGER                                                                                             
MANAGER                                                                                             
MANAGER                                                                                             

SQL> ED
Wrote file afiedt.buf

  1  SELECT JOB,SAL
  2  FROM EMP
  3* WHERE JOB IN 'MANAGER' AND SAL <3000
SQL> /

JOB              SAL                                                                                
--------- ----------                                                                                
MANAGER         2975                                                                                
MANAGER         2850                                                                                
MANAGER         2450                                                                                

SQL> SELECT*
  2  FROM EMP
  3  WHERE COMM IS NOT NULL AND DEPTNO IN 30;

     EMPNO ENAME      JOB              MGR HIREDATE         SAL       COMM     DEPTNO               
---------- ---------- --------- ---------- --------- ---------- ---------- ----------               
      7499 ALLEN      SALESMAN        7698 20-FEB-81       1600        300         30               
      7521 WARD       SALESMAN        7698 22-FEB-81       1250        500         30               
      7654 MARTIN     SALESMAN        7698 28-SEP-81       1250       1400         30               
      7844 TURNER     SALESMAN        7698 08-SEP-81       1500          0         30               

SQL> SELECT*
  2  FROM EMP
  3  WHERE SAL BETWEEN 2500 AND 5000 AND DEPTNO IN 20;

     EMPNO ENAME      JOB              MGR HIREDATE         SAL       COMM     DEPTNO               
---------- ---------- --------- ---------- --------- ---------- ---------- ----------               
      7566 JONES      MANAGER         7839 02-APR-81       2975                    20               
      7788 SCOTT      ANALYST         7566 19-APR-87       3000                    20               
      7902 FORD       ANALYST         7566 03-DEC-81       3000                    20               

SQL> ED
Wrote file afiedt.buf

  1  SELECT*
  2  FROM EMP
  3* WHERE COMM IS NOT NULL AND COMM!=0 AND DEPTNO IN 30
SQL> /

     EMPNO ENAME      JOB              MGR HIREDATE         SAL       COMM     DEPTNO               
---------- ---------- --------- ---------- --------- ---------- ---------- ----------               
      7499 ALLEN      SALESMAN        7698 20-FEB-81       1600        300         30               
      7521 WARD       SALESMAN        7698 22-FEB-81       1250        500         30               
      7654 MARTIN     SALESMAN        7698 28-SEP-81       1250       1400         30               

SQL> SELECT ENAME
  2  FROM EMP
  3  WHERE SAL BETWEEN 300 AND 3000;

ENAME                                                                                               
----------                                                                                          
SMITH                                                                                               
ALLEN                                                                                               
WARD                                                                                                
JONES                                                                                               
MARTIN                                                                                              
BLAKE                                                                                               
CLARK                                                                                               
SCOTT                                                                                               
TURNER                                                                                              
ADAMS                                                                                               
JAMES                                                                                               
FORD                                                                                                
MILLER                                                                                              

13 rows selected.

SQL> ED
Wrote file afiedt.buf

  1  SELECT ENAME.SAL
  2  FROM EMP
  3* WHERE SAL BETWEEN 300 AND 3000
SQL> /
SELECT ENAME.SAL
       *
ERROR at line 1:
ORA-00904: "ENAME"."SAL": invalid identifier 


SQL> ED
Wrote file afiedt.buf

  1  SELECT ENAME,SAL
  2  FROM EMP
  3* WHERE SAL BETWEEN 300 AND 3000
SQL> /

ENAME             SAL                                                                               
---------- ----------                                                                               
SMITH             800                                                                               
ALLEN            1600                                                                               
WARD             1250                                                                               
JONES            2975                                                                               
MARTIN           1250                                                                               
BLAKE            2850                                                                               
CLARK            2450                                                                               
SCOTT            3000                                                                               
TURNER           1500                                                                               
ADAMS            1100                                                                               
JAMES             950                                                                               
FORD             3000                                                                               
MILLER           1300                                                                               

13 rows selected.

SQL> SELECT*
  2  FROM EMP
  3  WHERE ENAME LIKE '_A%';

     EMPNO ENAME      JOB              MGR HIREDATE         SAL       COMM     DEPTNO               
---------- ---------- --------- ---------- --------- ---------- ---------- ----------               
      7521 WARD       SALESMAN        7698 22-FEB-81       1250        500         30               
      7654 MARTIN     SALESMAN        7698 28-SEP-81       1250       1400         30               
      7900 JAMES      CLERK           7698 03-DEC-81        950                    30               

SQL> SELECT ENAME
  2  FROM EMP
  3  WHERE ENAME LIKE '_A%R_';

ENAME                                                                                               
----------                                                                                          
WARD                                                                                                

SQL> ED
Wrote file afiedt.buf

  1  SELECT CONCAT('Employee ', ENAME, ' has a salary of ', SAL, ' and works in department number ', DEPTNO, '.') AS sentence
  2* FROM EMP;
SQL> /
SELECT CONCAT('Employee ', ENAME, ' has a salary of ', SAL, ' and works in department number ', DEPTNO, '.') AS sentence
       *
ERROR at line 1:
ORA-00909: invalid number of arguments 


SQL> ED
Wrote file afiedt.buf

  1  SELECT CONCAT(CONCAT(CONCAT(CONCAT('Employee ', ename),' has a salary of '),sal ),CONCAT(' and works in department number ',
  2  deptno)
  3  ) AS sentence
  4* FROM EMP
SQL> /

SENTENCE                                                                                            
----------------------------------------------------------------------------------------------------
Employee SMITH has a salary of 800 and works in department number 20                                
Employee ALLEN has a salary of 1600 and works in department number 30                               
Employee WARD has a salary of 1250 and works in department number 30                                
Employee JONES has a salary of 2975 and works in department number 20                               
Employee MARTIN has a salary of 1250 and works in department number 30                              
Employee BLAKE has a salary of 2850 and works in department number 30                               
Employee CLARK has a salary of 2450 and works in department number 10                               
Employee SCOTT has a salary of 3000 and works in department number 20                               
Employee KING has a salary of 5000 and works in department number 10                                
Employee TURNER has a salary of 1500 and works in department number 30                              
Employee ADAMS has a salary of 1100 and works in department number 20                               
Employee JAMES has a salary of 950 and works in department number 30                                
Employee FORD has a salary of 3000 and works in department number 20                                
Employee MILLER has a salary of 1300 and works in department number 10                              

14 rows selected.

SQL> SELECT ENAME.SAL
  2  FROM EMP
  3  WHERE SAL > COMM;
SELECT ENAME.SAL
       *
ERROR at line 1:
ORA-00904: "ENAME"."SAL": invalid identifier 


SQL> ED
Wrote file afiedt.buf

  1  SELECT ENAME,SAL
  2  FROM EMP
  3* WHERE SAL > COMM
SQL> /

ENAME             SAL                                                                               
---------- ----------                                                                               
ALLEN            1600                                                                               
WARD             1250                                                                               
TURNER           1500                                                                               

SQL> SELECT*
  2  FROM EMP
  3  WHERE SAL > COMM;

     EMPNO ENAME      JOB              MGR HIREDATE         SAL       COMM     DEPTNO               
---------- ---------- --------- ---------- --------- ---------- ---------- ----------               
      7499 ALLEN      SALESMAN        7698 20-FEB-81       1600        300         30               
      7521 WARD       SALESMAN        7698 22-FEB-81       1250        500         30               
      7844 TURNER     SALESMAN        7698 08-SEP-81       1500          0         30               

SQL> SELECT LENGHT(ENAME)>5
  2  FROM EMP
  3  ;
SELECT LENGHT(ENAME)>5
                    *
ERROR at line 1:
ORA-00923: FROM keyword not found where expected 


SQL> ED
Wrote file afiedt.buf

  1  SELECT*
  2  FROM EMP
  3* WHERE LENGHT(ENAME)=5
  4  /
WHERE LENGHT(ENAME)=5
      *
ERROR at line 3:
ORA-00904: "LENGHT": invalid identifier 


SQL> SELECT*
  2  FROM EMP
  3  WHERE LENGTH(ENAME)=5;

     EMPNO ENAME      JOB              MGR HIREDATE         SAL       COMM     DEPTNO               
---------- ---------- --------- ---------- --------- ---------- ---------- ----------               
      7369 SMITH      CLERK           7902 17-DEC-80        800                    20               
      7499 ALLEN      SALESMAN        7698 20-FEB-81       1600        300         30               
      7566 JONES      MANAGER         7839 02-APR-81       2975                    20               
      7698 BLAKE      MANAGER         7839 01-MAY-81       2850                    30               
      7782 CLARK      MANAGER         7839 09-JUN-81       2450                    10               
      7788 SCOTT      ANALYST         7566 19-APR-87       3000                    20               
      7876 ADAMS      CLERK           7788 23-MAY-87       1100                    20               
      7900 JAMES      CLERK           7698 03-DEC-81        950                    30               

8 rows selected.

SQL> SELECT*
  2  FROM EMP
  3  WHERE JOB IN 'CLERK' AND DEPTNO IN 10;

     EMPNO ENAME      JOB              MGR HIREDATE         SAL       COMM     DEPTNO               
---------- ---------- --------- ---------- --------- ---------- ---------- ----------               
      7934 MILLER     CLERK           7782 23-JAN-82       1300                    10               

SQL> ED
Wrote file afiedt.buf

  1  SELECT*
  2  FROM EMP
  3* WHERE JOB IN 'CLERK' AND ENAME LIKE '%S' AND DEPTNO IN 10 
SQL> /

no rows selected

SQL> SELECT*
  2  FROM EMP
  3  WHERE LENGTH(JOB)=4 AND DEPTNO IN 30;

no rows selected

SQL> SELECT*
  2  FROM EMP
  3  WHERE SAL BETWEEN 7000 AND 8000;

no rows selected

SQL> SPOOL OFF
