SQL> set lines 100 pages 100;
SQL> DESC EMPLOYEE;
 Name                                                  Null?    Type
 ----------------------------------------------------- -------- ------------------------------------
 EMPLOYEEID                                            NOT NULL NUMBER(5)
 FIRSTNAME                                             NOT NULL VARCHAR2(50)
 LASTNAME                                              NOT NULL VARCHAR2(50)
 EMAIL                                                          VARCHAR2(20)
 AGE                                                            NUMBER(2)
 PH_NO                                                          NUMBER(10)

SQL> ALTER TABLE EMPLOYEE
  2  MODIFY EMPLOYEEID VARCHAR(10);
MODIFY EMPLOYEEID VARCHAR(10)
       *
ERROR at line 2:
ORA-01463: cannot modify column datatype with current constraint(s) 


SQL> ED
Wrote file afiedt.buf

  1  ALTER TABLE EMPLOYEE
  2* MODIFY EMPLOYEEID VARCHAR(10) PRIMARY KEY
SQL> /
MODIFY EMPLOYEEID VARCHAR(10) PRIMARY KEY
       *
ERROR at line 2:
ORA-01463: cannot modify column datatype with current constraint(s) 


SQL> CREATE TABLE OFFICE
  2  (OFFICEID NUMBER(1) PRIMARY KEY CHECK(OFFICE>O) CHECK(LENGTH(OFFICEID)=1),
  3  LOCATION VARCHAR(15),
  4  CONTACTINFORMATION NUMBER(20) PRIMARY KEY);
(OFFICEID NUMBER(1) PRIMARY KEY CHECK(OFFICE>O) CHECK(LENGTH(OFFICEID)=1),
                                                *
ERROR at line 2:
ORA-02438: Column check constraint cannot reference other columns 


SQL> ED
Wrote file afiedt.buf

  1  CREATE TABLE OFFICE
  2  (OFFICEID NUMBER(1) PRIMARY KEY CHECK(OFFICE>O) CHECK(LENGTH(OFFICEID)=1),
  3  LOCATION VARCHAR(15),
  4* CONTACTINFORMATION NUMBER(12) CHECK(CONTACTINFORMATION>O) CHECK(LENGTH(CONTACTINFORMATION)=12 )
SQL> /
(OFFICEID NUMBER(1) PRIMARY KEY CHECK(OFFICE>O) CHECK(LENGTH(OFFICEID)=1),
                                                *
ERROR at line 2:
ORA-02438: Column check constraint cannot reference other columns 


SQL> ED
Wrote file afiedt.buf

  1  CREATE TABLE OFFICE
  2  (OFFICEID NUMBER(1) PRIMARY KEY CHECK(OFFICEID>O) CHECK(LENGTH(OFFICEID)=1),
  3  LOCATION VARCHAR(15),
  4* CONTACTINFORMATION NUMBER(12) CHECK(CONTACTINFORMATION>O) CHECK(LENGTH(CONTACTINFORMATION)=12 )
SQL> /
(OFFICEID NUMBER(1) PRIMARY KEY CHECK(OFFICEID>O) CHECK(LENGTH(OFFICEID)=1),
                                                  *
ERROR at line 2:
ORA-02438: Column check constraint cannot reference other columns 


SQL> ED
Wrote file afiedt.buf

  1  CREATE TABLE OFFICE
  2  (OFFICEID NUMBER(1) PRIMARY KEY CHECK(OFFICEID > O) CHECK(LENGTH(OFFICEID)=1),
  3  LOCATION VARCHAR(15),
  4* CONTACTINFORMATION NUMBER(12) CHECK(CONTACTINFORMATION>O) CHECK(LENGTH(CONTACTINFORMATION)=12 )
SQL> /
(OFFICEID NUMBER(1) PRIMARY KEY CHECK(OFFICEID > O) CHECK(LENGTH(OFFICEID)=1),
                                                    *
ERROR at line 2:
ORA-02438: Column check constraint cannot reference other columns 


SQL> ED
Wrote file afiedt.buf

  1  CREATE TABLE OFFICE
  2  (OFFICEID NUMBER(1) PRIMARY KEY,
  3  LOCATION VARCHAR(15),
  4* CONTACTINFORMATION NUMBER(12) CHECK(CONTACTINFORMATION>O) CHECK(LENGTH(CONTACTINFORMATION)=12 )
SQL> /
CONTACTINFORMATION NUMBER(12) CHECK(CONTACTINFORMATION>O) CHECK(LENGTH(CONTACTINFORMATION)=12 )
                                                          *
ERROR at line 4:
ORA-02438: Column check constraint cannot reference other columns 


SQL> ED
Wrote file afiedt.buf

  1  CREATE TABLE OFFICE
  2  (OFFICEID NUMBER(1) PRIMARY KEY,
  3  LOCATION VARCHAR(15),
  4* CONTACTINFORMATION NUMBER(12))
SQL> /

Table created.

SQL> INSERT INTO OFFICE VALUES(1,'DELHI',123-456-7890);

1 row created.

SQL> INSERT INTO OFFICE VALUES(2,'MUMBAI',987-654-3210,
  2  3,'BANGLORE',55-123-4567);
INSERT INTO OFFICE VALUES(2,'MUMBAI',987-654-3210,
            *
ERROR at line 1:
ORA-00913: too many values 


SQL> ED
Wrote file afiedt.buf

  1* INSERT INTO OFFICE VALUES(2,'MUMBAI',987-654-3210)
SQL> /

1 row created.

SQL> INSERT INTO OFFICE VALUES(3,'BANGLORE',555-123-4567);

1 row created.

SQL> INSERT INTO OFFICE VALUES(4,'CHENNAI',777-888-9999,5,'KOLKATA',111-222-3333);
INSERT INTO OFFICE VALUES(4,'CHENNAI',777-888-9999,5,'KOLKATA',111-222-3333)
            *
ERROR at line 1:
ORA-00913: too many values 


SQL> ED
Wrote file afiedt.buf

  1* INSERT INTO OFFICE VALUES(4,'CHENNAI',777-888-9999)
SQL> /

1 row created.

SQL> ED
Wrote file afiedt.buf

  1* INSERT INTO OFFICE VALUES(5,'KOLKATA',111-222-3333),VALUES(6,'HYDERABAD',206-123-4567),VALUES(7,'PUNE',404-555-1212),VALUES(8,'JAIPUR',415-777-8888),VALUES(9,''AHMEDABAD',617-99-5555)
SQL> /
ERROR:
ORA-01756: quoted string not properly terminated 


SQL> ED
Wrote file afiedt.buf

  1  INSERT INTO OFFICE VALUES(5,'KOLKATA',111-222-3333),
  2  VALUES(6,'HYDERABAD',206-123-4567),
  3  VALUES(7,'PUNE',404-555-1212),
  4  VALUES(8,'JAIPUR',415-777-8888),
  5* VALUES(9,''AHMEDABAD',617-99-5555)
SQL> /
ERROR:
ORA-01756: quoted string not properly terminated 


SQL> ED
Wrote file afiedt.buf

  1  INSERT INTO OFFICE VALUES(5,'KOLKATA',111-222-3333,
  2  VALUES 6,'HYDERABAD',206-123-4567,
  3  VALUES 7,'PUNE',404-555-1212,
  4  VALUES 8,'JAIPUR',415-777-8888,
  5* VALUES 9,''AHMEDABAD',617-99-5555)
SQL> /
ERROR:
ORA-01756: quoted string not properly terminated 


SQL> ED
Wrote file afiedt.buf

  1* INSERT INTO OFFICE VALUES(5,'KOLKATA',111-222-3333)
SQL> /

1 row created.

SQL> ED
Wrote file afiedt.buf

  1* INSERT INTO OFFICE VALUES(6,'HYDERABAD',206-123-4567)
SQL> /

1 row created.

SQL> ED
Wrote file afiedt.buf

  1* INSERT INTO OFFICE VALUES(7,'PUNE',404-555-1212)
SQL> /

1 row created.

SQL> ED
Wrote file afiedt.buf

  1* INSERT INTO OFFICE VALUES(8,'JAIPUR',415-777-8888)
SQL> /

1 row created.

SQL> ED
Wrote file afiedt.buf

  1* INSERT INTO OFFICE VALUES(9,''AHMEDABAD',617-99-5555)
SQL> /
ERROR:
ORA-01756: quoted string not properly terminated 


SQL> ED
Wrote file afiedt.buf

  1* INSERT INTO OFFICE VALUES(9,'AHMEDABAD',617-99-5555)
SQL> /

1 row created.

SQL> DESC OFFICE;
 Name                                                  Null?    Type
 ----------------------------------------------------- -------- ------------------------------------
 OFFICEID                                              NOT NULL NUMBER(1)
 LOCATION                                                       VARCHAR2(15)
 CONTACTINFORMATION                                             NUMBER(12)

SQL> SELECT*
  2  FROM OFFICE;

  OFFICEID LOCATION        CONTACTINFORMATION                                                       
---------- --------------- ------------------                                                       
         1 DELHI                        -8223                                                       
         2 MUMBAI                       -2877                                                       
         3 BANGLORE                     -4135                                                       
         4 CHENNAI                     -10110                                                       
         5 KOLKATA                      -3444                                                       
         6 HYDERABAD                    -4484                                                       
         7 PUNE                         -1363                                                       
         8 JAIPUR                       -9250                                                       
         9 AHMEDABAD                    -5037                                                       

9 rows selected.

SQL> linesize 100
SELECT*
  2  FROM OFFICE;

  OFFICEID LOCATION        CONTACTINFORMATION                                                       
---------- --------------- ------------------                                                       
         1 DELHI                        -8223                                                       
         2 MUMBAI                       -2877                                                       
         3 BANGLORE                     -4135                                                       
         4 CHENNAI                     -10110                                                       
         5 KOLKATA                      -3444                                                       
         6 HYDERABAD                    -4484                                                       
         7 PUNE                         -1363                                                       
         8 JAIPUR                       -9250                                                       
         9 AHMEDABAD                    -5037                                                       

9 rows selected.

SQL> ED
Wrote file afiedt.buf

  1  CREATE TABLE EMPLOYEE1
  2  (EMPLOYEEID NUMBER(1) PRIMARY KEY,
  3  ENAME VARCHAR(20),
  4  ROLE VARCHAR(10),
  5* OFFICEID NUMBER(1))
SQL> /
CREATE TABLE EMPLOYEE1
             *
ERROR at line 1:
ORA-00955: name is already used by an existing object 


SQL> ED
Wrote file afiedt.buf

  1  CREATE TABLE EMPLOYE1
  2  (EMPLOYEEID NUMBER(1) PRIMARY KEY,
  3  ENAME VARCHAR(20),
  4  ROLE VARCHAR(10),
  5* OFFICEID NUMBER(1))
SQL> /

Table created.

SQL> ED
Wrote file afiedt.buf

  1  ALTER TABLE OFFICE
  2  ADD CONSTRANT FK_OFFICEID FOREIGNKEY(OFFICEID)
  3* REFERENCE EMPLOYE1(OFFICEID)
SQL> /
ADD CONSTRANT FK_OFFICEID FOREIGNKEY(OFFICEID)
                          *
ERROR at line 2:
ORA-01735: invalid ALTER TABLE option 


SQL> ED
Wrote file afiedt.buf

  1  ALTER TABLE OFFICE
  2  ADD CONSTRANT FK_OFFICEID FOREIGN KEY(OFFICEID)
  3* REFERENCE EMPLOYE1(OFFICEID)
SQL> /
ADD CONSTRANT FK_OFFICEID FOREIGN KEY(OFFICEID)
                          *
ERROR at line 2:
ORA-01735: invalid ALTER TABLE option 


SQL> ED
Wrote file afiedt.buf

  1  ALTER TABLE OFFICE
  2  ADD CONSTRANT FK_OFFICEID FOREIGN KEY(OFFICEID)
  3* REFERENCE OFFICE(OFFICEID)
SQL> /
ADD CONSTRANT FK_OFFICEID FOREIGN KEY(OFFICEID)
                          *
ERROR at line 2:
ORA-01735: invalid ALTER TABLE option 


SQL> DESC OFFICE;
 Name                                                  Null?    Type
 ----------------------------------------------------- -------- ------------------------------------
 OFFICEID                                              NOT NULL NUMBER(1)
 LOCATION                                                       VARCHAR2(15)
 CONTACTINFORMATION                                             NUMBER(12)

SQL> ED
Wrote file afiedt.buf

  1  ALTER TABLE OFFICE
  2  ADD CONSTRANT FK_OFFICEID FOREIGN KEY(OFFICEID)
  3* REFERENCE OFFICE(OFFICEID)
SQL> ED
Wrote file afiedt.buf

  1  ALTER TABLE EMPLOYE1
  2  ADD CONSTRANT FK_OFFICEID FOREIGN KEY(OFFICEID)
  3* REFERENCE OFFICE(OFFICEID)
SQL> /
ADD CONSTRANT FK_OFFICEID FOREIGN KEY(OFFICEID)
                          *
ERROR at line 2:
ORA-01735: invalid ALTER TABLE option 


SQL> DESC EMPLOYEE;
 Name                                                  Null?    Type
 ----------------------------------------------------- -------- ------------------------------------
 EMPLOYEEID                                            NOT NULL NUMBER(5)
 FIRSTNAME                                             NOT NULL VARCHAR2(50)
 LASTNAME                                              NOT NULL VARCHAR2(50)
 EMAIL                                                          VARCHAR2(20)
 AGE                                                            NUMBER(2)
 PH_NO                                                          NUMBER(10)

SQL> DESC EMPLOY1;
ERROR:
ORA-04043: object EMPLOY1 does not exist 


SQL> ED
Wrote file afiedt.buf

  1  ALTER TABLE EMPLOYE1
  2  ADD CONSTRANT FK_OFFICEID FOREIGN KEY(OFFICEID)
  3* REFERENCE OFFICE(OFFICEID)
SQL> DESC EMPLOYE1;
 Name                                                  Null?    Type
 ----------------------------------------------------- -------- ------------------------------------
 EMPLOYEEID                                            NOT NULL NUMBER(1)
 ENAME                                                          VARCHAR2(20)
 ROLE                                                           VARCHAR2(10)
 OFFICEID                                                       NUMBER(1)

SQL> ALTER TABLE EMPLOYE1
  2  ADD CONSTRAINT FK_OFFICE FOREIGN KEY(OFFICEID)
  3  REFERENCES OFFICE(OFFICEID);

Table altered.

SQL> spool off
